BL51 BANKED LINKER/LOCATER V6.22.4.0                                                    11/24/2024  21:54:28  PAGE 1


BL51 BANKED LINKER/LOCATER V6.22.4.0, INVOKED BY:
C:\KEIL_V5\C51\BIN\BL51.EXE .\Objects\test.obj TO .\Objects\test PRINT (.\Listings\test.m51)


MEMORY MODEL: SMALL


INPUT MODULES INCLUDED:
  .\Objects\test.obj (TEST)
  C:\KEIL_V5\C51\LIB\C51S.LIB (?C_STARTUP)


LINK MAP OF MODULE:  .\Objects\test (TEST)


            TYPE    BASE      LENGTH    RELOCATION   SEGMENT NAME
            -----------------------------------------------------

            * * * * * * *   D A T A   M E M O R Y   * * * * * * *
            REG     0000H     0008H     ABSOLUTE     "REG BANK 0"
            IDATA   0008H     0001H     UNIT         ?STACK

            * * * * * * *   C O D E   M E M O R Y   * * * * * * *
            CODE    0000H     0003H     ABSOLUTE     
                    0003H     07FDH                  *** GAP ***
            CODE    0800H     0026H     UNIT         ?PR?_DELAY?TEST
            CODE    0826H     001EH     UNIT         ?PR?MAIN?TEST
            CODE    0844H     000CH     UNIT         ?C_C51STARTUP



OVERLAY MAP OF MODULE:   .\Objects\test (TEST)


SEGMENT
  +--> CALLED SEGMENT
---------------------
?C_C51STARTUP
  +--> ?PR?MAIN?TEST

?PR?MAIN?TEST
  +--> ?PR?_DELAY?TEST



SYMBOL TABLE OF MODULE:  .\Objects\test (TEST)

  VALUE           TYPE          NAME
  ----------------------------------

  -------         MODULE        TEST
  C:0000H         SYMBOL        _ICE_DUMMY_
  D:00A0H         PUBLIC        P2
  C:0800H         PUBLIC        _delay
  C:0826H         PUBLIC        main
  -------         PROC          _DELAY
  D:0006H         SYMBOL        t
  -------         DO            
BL51 BANKED LINKER/LOCATER V6.22.4.0                                                  11/24/2024  21:54:28  PAGE 2


  D:0004H         SYMBOL        i
  D:0002H         SYMBOL        j
  -------         ENDDO         
  C:0800H         LINE#         4
  C:0800H         LINE#         6
  C:0803H         LINE#         7
  C:0813H         LINE#         8
  C:081AH         LINE#         9
  C:0825H         LINE#         10
  -------         ENDPROC       _DELAY
  -------         PROC          MAIN
  C:0826H         LINE#         12
  C:0826H         LINE#         13
  C:0826H         LINE#         14
  C:0829H         LINE#         15
  C:0830H         LINE#         16
  C:0833H         LINE#         17
  C:0836H         LINE#         18
  C:0839H         LINE#         19
  C:083CH         LINE#         20
  C:083FH         LINE#         21
  C:0842H         LINE#         22
  -------         ENDPROC       MAIN
  -------         ENDMOD        TEST

******************************************************************************
* RESTRICTED VERSION WITH 0800H BYTE CODE SIZE LIMIT; USED: 0044H BYTE ( 3%) *
******************************************************************************

Program Size: data=9.0 xdata=0 code=83
LINK/LOCATE RUN COMPLETE.  0 WARNING(S),  0 ERROR(S)
