BL51 BANKED LINKER/LOCATER V6.22.4.0                                                    11/24/2024  21:00:04  PAGE 1


BL51 BANKED LINKER/LOCATER V6.22.4.0, INVOKED BY:
C:\KEIL_V5\C51\BIN\BL51.EXE .\Objects\test.obj TO .\Objects\test PRINT (.\Listings\test.m51)


MEMORY MODEL: SMALL


INPUT MODULES INCLUDED:
  .\Objects\test.obj (TEST)
  C:\KEIL_V5\C51\LIB\C51S.LIB (?C_STARTUP)


LINK MAP OF MODULE:  .\Objects\test (TEST)


            TYPE    BASE      LENGTH    RELOCATION   SEGMENT NAME
            -----------------------------------------------------

            * * * * * * *   D A T A   M E M O R Y   * * * * * * *
            REG     0000H     0008H     ABSOLUTE     "REG BANK 0"
            IDATA   0008H     0001H     UNIT         ?STACK

            * * * * * * *   C O D E   M E M O R Y   * * * * * * *
            CODE    0000H     0003H     ABSOLUTE     
                    0003H     07FDH                  *** GAP ***
            CODE    0800H     002DH     UNIT         ?PR?_DELAY?TEST
            CODE    082DH     0014H     UNIT         ?PR?MAIN?TEST
            CODE    0841H     000CH     UNIT         ?C_C51STARTUP



OVERLAY MAP OF MODULE:   .\Objects\test (TEST)


SEGMENT
  +--> CALLED SEGMENT
---------------------
?C_C51STARTUP
  +--> ?PR?MAIN?TEST

?PR?MAIN?TEST
  +--> ?PR?_DELAY?TEST



SYMBOL TABLE OF MODULE:  .\Objects\test (TEST)

  VALUE           TYPE          NAME
  ----------------------------------

  -------         MODULE        TEST
  C:0000H         SYMBOL        _ICE_DUMMY_
  D:00A0H         PUBLIC        P2
  C:0807H         PUBLIC        _delay
  B:00A0H.0       PUBLIC        m1
  B:00A0H.1       PUBLIC        m2
  C:082DH         PUBLIC        main
  -------         PROC          L?0014
BL51 BANKED LINKER/LOCATER V6.22.4.0                                                  11/24/2024  21:00:04  PAGE 2


  -------         ENDPROC       L?0014
  -------         PROC          _DELAY
  D:0006H         SYMBOL        t
  -------         DO            
  D:0004H         SYMBOL        i
  D:0002H         SYMBOL        j
  -------         ENDDO         
  C:0807H         LINE#         6
  C:0807H         LINE#         8
  C:080AH         LINE#         9
  C:081AH         LINE#         10
  C:0821H         LINE#         11
  C:082CH         LINE#         12
  -------         ENDPROC       _DELAY
  -------         PROC          MAIN
  C:082DH         LINE#         13
  C:082DH         LINE#         14
  C:082DH         LINE#         15
  C:082FH         LINE#         16
  C:0831H         LINE#         17
  C:0835H         LINE#         18
  C:0835H         LINE#         19
  C:0835H         LINE#         20
  C:0838H         LINE#         21
  C:083AH         LINE#         22
  C:083CH         LINE#         23
  C:083CH         LINE#         24
  C:083CH         LINE#         25
  C:083CH         LINE#         26
  C:083FH         LINE#         27
  -------         ENDPROC       MAIN
  -------         ENDMOD        TEST

******************************************************************************
* RESTRICTED VERSION WITH 0800H BYTE CODE SIZE LIMIT; USED: 0041H BYTE ( 3%) *
******************************************************************************

Program Size: data=9.0 xdata=0 code=80
LINK/LOCATE RUN COMPLETE.  0 WARNING(S),  0 ERROR(S)
