BL51 BANKED LINKER/LOCATER V6.22.4.0                                                    11/24/2024  20:28:42  PAGE 1


BL51 BANKED LINKER/LOCATER V6.22.4.0, INVOKED BY:
C:\KEIL_V5\C51\BIN\BL51.EXE .\Objects\test.obj TO .\Objects\test PRINT (.\Listings\test.m51)


MEMORY MODEL: SMALL


INPUT MODULES INCLUDED:
  .\Objects\test.obj (TEST)
  C:\KEIL_V5\C51\LIB\C51S.LIB (?C_STARTUP)
  C:\KEIL_V5\C51\LIB\C51S.LIB (?C?COPY)


LINK MAP OF MODULE:  .\Objects\test (TEST)


            TYPE    BASE      LENGTH    RELOCATION   SEGMENT NAME
            -----------------------------------------------------

            * * * * * * *   D A T A   M E M O R Y   * * * * * * *
            REG     0000H     0008H     ABSOLUTE     "REG BANK 0"
            DATA    0008H     0007H     UNIT         _DATA_GROUP_
            IDATA   000FH     0001H     UNIT         ?STACK

            * * * * * * *   C O D E   M E M O R Y   * * * * * * *
            CODE    0000H     0003H     ABSOLUTE     
                    0003H     07FDH                  *** GAP ***
            CODE    0800H     00F6H     UNIT         ?C?LIB_CODE
            CODE    08F6H     003CH     UNIT         ?PR?MAIN?TEST
            CODE    0932H     0020H     UNIT         ?PR?_DELAY?TEST
            CODE    0952H     000CH     UNIT         ?C_C51STARTUP
            CODE    095EH     0005H     UNIT         ?CO?TEST



OVERLAY MAP OF MODULE:   .\Objects\test (TEST)


SEGMENT                          DATA_GROUP 
  +--> CALLED SEGMENT          START    LENGTH
----------------------------------------------
?C_C51STARTUP                  -----    -----
  +--> ?PR?MAIN?TEST

?PR?MAIN?TEST                  0008H    0007H
  +--> ?CO?TEST
  +--> ?PR?_DELAY?TEST



SYMBOL TABLE OF MODULE:  .\Objects\test (TEST)

  VALUE           TYPE          NAME
  ----------------------------------

  -------         MODULE        TEST
  C:0000H         SYMBOL        _ICE_DUMMY_
  D:00A0H         PUBLIC        P2
BL51 BANKED LINKER/LOCATER V6.22.4.0                                                  11/24/2024  20:28:42  PAGE 2


  C:0932H         PUBLIC        _delay
  C:08F6H         PUBLIC        main
  C:095EH         SYMBOL        _?ix1000
  -------         PROC          MAIN
  -------         DO            
  D:0008H         SYMBOL        arr
  D:000DH         SYMBOL        i
  -------         ENDDO         
  C:08F6H         LINE#         7
  C:08F6H         LINE#         9
  C:0909H         LINE#         12
  C:0909H         LINE#         13
  C:090EH         LINE#         14
  C:0916H         LINE#         15
  C:091DH         LINE#         16
  -------         ENDPROC       MAIN
  -------         PROC          _DELAY
  D:0006H         SYMBOL        time
  -------         DO            
  D:0004H         SYMBOL        i
  D:0002H         SYMBOL        j
  -------         ENDDO         
  C:0932H         LINE#         21
  C:0932H         LINE#         23
  C:093CH         LINE#         24
  C:093FH         LINE#         26
  C:094AH         LINE#         27
  C:0951H         LINE#         28
  -------         ENDPROC       _DELAY
  -------         ENDMOD        TEST

  -------         MODULE        ?C?COPY
  C:08D0H         PUBLIC        ?C?COPY
  -------         ENDMOD        ?C?COPY

******************************************************************************
* RESTRICTED VERSION WITH 0800H BYTE CODE SIZE LIMIT; USED: 0061H BYTE ( 4%) *
******************************************************************************

Program Size: data=16.0 xdata=0 code=358
LINK/LOCATE RUN COMPLETE.  0 WARNING(S),  0 ERROR(S)
