BL51 BANKED LINKER/LOCATER V6.22.4.0                                                    11/24/2024  11:15:52  PAGE 1


BL51 BANKED LINKER/LOCATER V6.22.4.0, INVOKED BY:
C:\KEIL_V5\C51\BIN\BL51.EXE .\Objects\test.obj TO .\Objects\test PRINT (.\Listings\test.m51)


MEMORY MODEL: SMALL


INPUT MODULES INCLUDED:
  .\Objects\test.obj (TEST)
  C:\KEIL_V5\C51\LIB\C51S.LIB (?C_STARTUP)


LINK MAP OF MODULE:  .\Objects\test (TEST)


            TYPE    BASE      LENGTH    RELOCATION   SEGMENT NAME
            -----------------------------------------------------

            * * * * * * *   D A T A   M E M O R Y   * * * * * * *
            REG     0000H     0008H     ABSOLUTE     "REG BANK 0"
            IDATA   0008H     0001H     UNIT         ?STACK

            * * * * * * *   C O D E   M E M O R Y   * * * * * * *
            CODE    0000H     0003H     ABSOLUTE     
                    0003H     07FDH                  *** GAP ***
            CODE    0800H     002BH     UNIT         ?PR?MAIN?TEST
            CODE    082BH     000CH     UNIT         ?C_C51STARTUP



OVERLAY MAP OF MODULE:   .\Objects\test (TEST)


SEGMENT
  +--> CALLED SEGMENT
---------------------
?C_C51STARTUP
  +--> ?PR?MAIN?TEST



SYMBOL TABLE OF MODULE:  .\Objects\test (TEST)

  VALUE           TYPE          NAME
  ----------------------------------

  -------         MODULE        TEST
  C:0000H         SYMBOL        _ICE_DUMMY_
  D:0090H         PUBLIC        P1
  D:00A0H         PUBLIC        P2
  B:00A0H.0       PUBLIC        l1
  B:00A0H.1       PUBLIC        l2
  B:00A0H.2       PUBLIC        l3
  B:00A0H.3       PUBLIC        l4
  B:0090H.0       PUBLIC        s1
  B:0090H.1       PUBLIC        s2
  B:0090H.2       PUBLIC        s3
  C:0800H         PUBLIC        main
BL51 BANKED LINKER/LOCATER V6.22.4.0                                                  11/24/2024  11:15:52  PAGE 2


  B:0090H.3       PUBLIC        s4
  -------         PROC          MAIN
  C:0800H         LINE#         15
  C:0800H         LINE#         16
  C:0803H         LINE#         17
  C:0805H         LINE#         18
  C:0805H         LINE#         19
  C:0808H         LINE#         20
  C:080AH         LINE#         21
  C:080CH         LINE#         22
  C:080CH         LINE#         23
  C:080EH         LINE#         24
  C:080EH         LINE#         25
  C:0811H         LINE#         26
  C:0813H         LINE#         27
  C:0815H         LINE#         28
  C:0817H         LINE#         29
  C:0817H         LINE#         30
  C:081AH         LINE#         31
  C:081CH         LINE#         32
  C:081EH         LINE#         33
  C:081EH         LINE#         34
  C:0820H         LINE#         35
  C:0820H         LINE#         36
  C:0823H         LINE#         37
  C:0825H         LINE#         38
  C:0827H         LINE#         39
  C:0827H         LINE#         40
  C:0829H         LINE#         41
  C:0829H         LINE#         42
  -------         ENDPROC       MAIN
  -------         ENDMOD        TEST

******************************************************************************
* RESTRICTED VERSION WITH 0800H BYTE CODE SIZE LIMIT; USED: 002BH BYTE ( 2%) *
******************************************************************************

Program Size: data=9.0 xdata=0 code=58
LINK/LOCATE RUN COMPLETE.  0 WARNING(S),  0 ERROR(S)
